$ python ../../hec-incr.py ./model.lp --maxtime 1000


Looking for the right number of steps: 1 2 FOUND
clingo-lpx version 1.4.0
Reading from ...n/hybrid-clingo/axioms/hec-memb-lpx.lp ...
Solving...
Answer: 1 (Time: 0.053s)
-holdsAt(light_on,(25<T=<1000))
-holdsAt(light_on,(0<T=<10))
-releasedAt(light_on,(10<T=<25))
-releasedAt(light_on,(25<T=<1000))
-releasedAt(light_on,(0<T=<10))
happens(turn_light_off,25)
happens(turn_light_on,10)
holdsAt(light_on,(10<T=<25))
maxStep(2)
Assignment:
(time,0)=10 (time,1)=25 (time,2)=1000
SATISFIABLE

Models       : 1
Calls        : 1
Time         : 0.053s   (Solving: 0.000s 1st Model: 0.000s Unsat: 0.000s)
CPU Time     : 0.017s



  real      0:00.55
  real [s]  0.55
  user [s]  0.20
  sys  [s]  0.12
  mem  [KB] 28524
  avgm [KB] 0
