$ python ../hec-incr.py ./model.lp --maxtime 1000 --con


Looking for the right number of steps: 1 2 FOUND
clingcon version 5.2.1
Reading from ...n/hybrid-clingo/axioms/hec-memb-con.lp ...
Solving...
Answer: 1 (Time: 0.052s)
maxStep(2)
happens(land,20)
happens(roll,10)
releasedAt(sideUp,(10<T=<20))
fholdsAt(sideUp=1,(0<T=<10))
fholdsAt(sideUp=1,(10<T=<20))
fholdsAt(sideUp=1,(20<T=<1000))
Assignment:
(sideUp,0)=1 (sideUp,1)=1 (sideUp,2)=1 (time,0)=10 (time,1)=20 (time,2)=1000
Answer: 2 (Time: 0.053s)
maxStep(2)
happens(land,20)
happens(roll,10)
releasedAt(sideUp,(10<T=<20))
fholdsAt(sideUp=1,(0<T=<10))
fholdsAt(sideUp=2,(10<T=<20))
fholdsAt(sideUp=2,(20<T=<1000))
Assignment:
(sideUp,0)=1 (sideUp,1)=2 (sideUp,2)=2 (time,0)=10 (time,1)=20 (time,2)=1000
Answer: 3 (Time: 0.053s)
maxStep(2)
happens(land,20)
happens(roll,10)
releasedAt(sideUp,(10<T=<20))
fholdsAt(sideUp=1,(0<T=<10))
fholdsAt(sideUp=3,(10<T=<20))
fholdsAt(sideUp=3,(20<T=<1000))
Assignment:
(sideUp,0)=1 (sideUp,1)=3 (sideUp,2)=3 (time,0)=10 (time,1)=20 (time,2)=1000
Answer: 4 (Time: 0.054s)
maxStep(2)
happens(land,20)
happens(roll,10)
releasedAt(sideUp,(10<T=<20))
fholdsAt(sideUp=1,(0<T=<10))
fholdsAt(sideUp=4,(10<T=<20))
fholdsAt(sideUp=4,(20<T=<1000))
Assignment:
(sideUp,0)=1 (sideUp,1)=4 (sideUp,2)=4 (time,0)=10 (time,1)=20 (time,2)=1000
Answer: 5 (Time: 0.054s)
maxStep(2)
happens(land,20)
happens(roll,10)
releasedAt(sideUp,(10<T=<20))
fholdsAt(sideUp=1,(0<T=<10))
fholdsAt(sideUp=5,(10<T=<20))
fholdsAt(sideUp=5,(20<T=<1000))
Assignment:
(sideUp,0)=1 (sideUp,1)=5 (sideUp,2)=5 (time,0)=10 (time,1)=20 (time,2)=1000
Answer: 6 (Time: 0.054s)
maxStep(2)
happens(land,20)
happens(roll,10)
releasedAt(sideUp,(10<T=<20))
fholdsAt(sideUp=1,(0<T=<10))
fholdsAt(sideUp=6,(10<T=<20))
fholdsAt(sideUp=6,(20<T=<1000))
Assignment:
(sideUp,0)=1 (sideUp,1)=6 (sideUp,2)=6 (time,0)=10 (time,1)=20 (time,2)=1000
SATISFIABLE

Models       : 6
Calls        : 1
Time         : 0.055s (Solving: 0.00s 1st Model: 0.00s Unsat: 0.00s)
CPU Time     : 0.029s


Command exited with non-zero status 30

  real      0:00.41
  real [s]  0.41
  user [s]  0.23
  sys  [s]  0.07
  mem  [KB] 21120
  avgm [KB] 0
