$ python ../../hec-incr.py ./model.lp --maxtime 1000


Looking for the right number of steps: 1 2 FOUND
clingo-lpx version 1.4.0
Reading from ...n/hybrid-clingo/axioms/hec-memb-lpx.lp ...
Solving...
Answer: 1 (Time: 0.063s)
-holdsAt(light_on,(20<T=<1000))
-holdsAt(light_on,(0<T=<10))
-releasedAt(light_on,(10<T=<20))
-releasedAt(light_on,(20<T=<1000))
-releasedAt(light_on,(0<T=<10))
happens(toggle_light,10)
happens(toggle_light,20)
holdsAt(light_on,(10<T=<20))
maxStep(2)
Assignment:
(time,0)=10 (time,1)=20 (time,2)=1000
SATISFIABLE

Models       : 1
Calls        : 1
Time         : 0.063s   (Solving: 0.000s 1st Model: 0.000s Unsat: 0.000s)
CPU Time     : 0.021s



  real      0:00.42
  real [s]  0.42
  user [s]  0.21
  sys  [s]  0.08
  mem  [KB] 28400
  avgm [KB] 0
