$ python ../../hec-incr.py --maxtime 1000 --con -c paramHeight=20 ./model.lp


Looking for the right number of steps: 1 2 FOUND
clingcon version 5.2.1
Reading from ...n/hybrid-clingo/axioms/hec-memb-con.lp ...
Solving...
Answer: 1 (Time: 0.047s)
maxStep(2)
happens(hitGround(apple),20)
happens(drop(nathan,apple),10)
holdsAt(falling(apple),(10<T=<20))
releasedAt(height(apple),(10<T=<20))
fholdsAt(height(apple)=20,(0<T=<10))
fholdsAt(height(apple)=0,(20<T=<1000))
fholdsAtC(height(apple)=(20->0),(10<T=<20),eq((((1,20),),-2)))
Assignment:
(time,0)=10 (time,1)=20 (time,2)=1000 (height(apple),0)=20 (height(apple),1)=0 (height(apple),2)=0
SATISFIABLE

Models       : 1
Calls        : 1
Time         : 0.048s (Solving: 0.00s 1st Model: 0.00s Unsat: 0.00s)
CPU Time     : 0.027s


Command exited with non-zero status 30

  real      0:00.39
  real [s]  0.39
  user [s]  0.21
  sys  [s]  0.08
  mem  [KB] 21116
  avgm [KB] 0
