$ python ../hec-incr.py --maxtime 1000 -c paramHeight=4 ./model.lp


Looking for the right number of steps: 1 2 FOUND
clingo-lpx version 1.4.0
Reading from ...n/hybrid-clingo/axioms/hec-memb-lpx.lp ...
Solving...
Answer: 1 (Time: 0.055s)
fholdsAt(height(apple)=4,(0<T=<10))
fholdsAt(height(apple)=0,(12<T=<1000))
fholdsAtC(height(apple)=(4->0),(10<T=<12),eq((((1,4),),-2)))
happens(drop(nathan,apple),10)
happens(hitGround(apple),12)
holdsAt(falling(apple),(10<T=<12))
maxStep(2)
releasedAt(height(apple),(10<T=<12))
Assignment:
(height(apple),0)=4 (height(apple),1)=0 (height(apple),2)=0 (time,0)=10 (time,1)=12 (time,2)=1000
SATISFIABLE

Models       : 1
Calls        : 1
Time         : 0.055s   (Solving: 0.000s 1st Model: 0.000s Unsat: 0.000s)
CPU Time     : 0.019s



  real      0:00.43
  real [s]  0.43
  user [s]  0.19
  sys  [s]  0.10
  mem  [KB] 28628
  avgm [KB] 0
