$ python ../../hec-incr.py --maxtime 1000 -c paramHeight=20 ./model.lp


Looking for the right number of steps: 1 2 FOUND
clingo-lpx version 1.4.0
Reading from ...n/hybrid-clingo/axioms/hec-memb-lpx.lp ...
Solving...
Answer: 1 (Time: 0.056s)
fholdsAt(height(apple)=20,(0<T=<10))
fholdsAt(height(apple)=0,(20<T=<1000))
fholdsAtC(height(apple)=(20->0),(10<T=<20),eq((((1,20),),-2)))
happens(drop(nathan,apple),10)
happens(hitGround(apple),20)
holdsAt(falling(apple),(10<T=<20))
maxStep(2)
releasedAt(height(apple),(10<T=<20))
Assignment:
(height(apple),0)=20 (height(apple),1)=0 (height(apple),2)=0 (time,0)=10 (time,1)=20 (time,2)=1000
SATISFIABLE

Models       : 1
Calls        : 1
Time         : 0.056s   (Solving: 0.000s 1st Model: 0.000s Unsat: 0.000s)
CPU Time     : 0.020s



  real      0:00.45
  real [s]  0.45
  user [s]  0.20
  sys  [s]  0.11
  mem  [KB] 28596
  avgm [KB] 0
