$ python ../hec-incr.py --maxtime 1000 -c paramHeight=3 ./model.lp


Looking for the right number of steps: 1 2 FOUND
clingo-lpx version 1.4.0
Reading from ...n/hybrid-clingo/axioms/hec-memb-lpx.lp ...
Solving...
Answer: 1 (Time: 0.049s)
fholdsAt(height(apple)=3,(0<T=<10))
fholdsAt(height(apple)=0,(23/2<T=<1000))
fholdsAtC(height(apple)=(3->0),(10<T=<23/2),eq((((1,3),),-2)))
happens(drop(nathan,apple),10)
happens(hitGround(apple),23/2)
holdsAt(falling(apple),(10<T=<23/2))
maxStep(2)
releasedAt(height(apple),(10<T=<23/2))
Assignment:
(height(apple),0)=3 (height(apple),1)=0 (height(apple),2)=0 (time,0)=10 (time,1)=23/2 (time,2)=1000
SATISFIABLE

Models       : 1
Calls        : 1
Time         : 0.049s   (Solving: 0.000s 1st Model: 0.000s Unsat: 0.000s)
CPU Time     : 0.018s



  real      0:00.40
  real [s]  0.40
  user [s]  0.23
  sys  [s]  0.05
  mem  [KB] 28624
  avgm [KB] 0
