$ python ../../hec-incr.py --maxtime 1000 -c paramHeight=80 ./model.lp


Looking for the right number of steps: 1 2 FOUND
clingo-lpx version 1.4.0
Reading from ...n/hybrid-clingo/axioms/hec-memb-lpx.lp ...
Solving...
Answer: 1 (Time: 0.064s)
fholdsAt(height(apple)=80,(0<T=<10))
fholdsAt(height(apple)=0,(50<T=<1000))
fholdsAtC(height(apple)=(80->0),(10<T=<50),eq((((1,80),),-2)))
happens(drop(nathan,apple),10)
happens(hitGround(apple),50)
holdsAt(falling(apple),(10<T=<50))
maxStep(2)
releasedAt(height(apple),(10<T=<50))
Assignment:
(height(apple),0)=80 (height(apple),1)=0 (height(apple),2)=0 (time,0)=10 (time,1)=50 (time,2)=1000
SATISFIABLE

Models       : 1
Calls        : 1
Time         : 0.064s   (Solving: 0.000s 1st Model: 0.000s Unsat: 0.000s)
CPU Time     : 0.021s



  real      0:00.44
  real [s]  0.44
  user [s]  0.22
  sys  [s]  0.08
  mem  [KB] 28480
  avgm [KB] 0
