$ python ../../hec-incr.py ./model.lp --maxtime 1000


Looking for the right number of steps: 1 2 3 4 FOUND
clingo-lpx version 1.4.0
Reading from ...n/hybrid-clingo/axioms/hec-memb-lpx.lp ...
Solving...
Answer: 1 (Time: 0.048s)
fholdsAt(value=0,(0<T=<10))
fholdsAt(value=1,(10<T=<20))
fholdsAt(value=2,(20<T=<30))
fholdsAt(value=0,(30<T=<40))
fholdsAt(value=1,(40<T=<1000))
happens(increment,10)
happens(increment,20)
happens(increment,40)
happens(reset,30)
maxStep(4)
Assignment:
(time,0)=10 (time,1)=20 (time,2)=30 (time,3)=40 (time,4)=1000 (value,0)=0 (value,1)=1 (value,2)=2 (value,3)=0 (value,4)=1
SATISFIABLE

Models       : 1
Calls        : 1
Time         : 0.048s   (Solving: 0.001s 1st Model: 0.000s Unsat: 0.000s)
CPU Time     : 0.017s



  real      0:00.90
  real [s]  0.90
  user [s]  0.37
  sys  [s]  0.17
  mem  [KB] 28480
  avgm [KB] 0
