$ python ../../hec-incr.py ./model.lp --maxtime 1000 		


Looking for the right number of steps: 1 2 3 4 5 FOUND
clingo-lpx version 1.4.0
Reading from ...n/hybrid-clingo/axioms/hec-memb-lpx.lp ...
Solving...
Answer: 1 (Time: 0.061s)
fholdsAt(balance(account1)=10,(0<T=<10))
fholdsAt(balance(account1)=8,(10<T=<20))
fholdsAt(balance(account1)=4,(20<T=<211/10))
fholdsAt(balance(account1)=3,(211/10<T=<50))
fholdsAt(balance(account1)=3,(50<T=<511/10))
fholdsAt(balance(account1)=2,(511/10<T=<1000))
fholdsAt(balance(account2)=10,(0<T=<10))
fholdsAt(balance(account2)=12,(10<T=<20))
fholdsAt(balance(account2)=16,(20<T=<211/10))
fholdsAt(balance(account2)=16,(211/10<T=<50))
fholdsAt(balance(account2)=16,(50<T=<511/10))
fholdsAt(balance(account2)=16,(511/10<T=<1000))
fholdsAt(minimumBalance(account1)=5,(0<T=<10))
fholdsAt(minimumBalance(account1)=5,(10<T=<20))
fholdsAt(minimumBalance(account1)=5,(20<T=<211/10))
fholdsAt(minimumBalance(account1)=5,(211/10<T=<50))
fholdsAt(minimumBalance(account1)=5,(50<T=<511/10))
fholdsAt(minimumBalance(account1)=5,(511/10<T=<1000))
fholdsAt(minimumBalance(account2)=5,(0<T=<10))
fholdsAt(minimumBalance(account2)=5,(10<T=<20))
fholdsAt(minimumBalance(account2)=5,(20<T=<211/10))
fholdsAt(minimumBalance(account2)=5,(211/10<T=<50))
fholdsAt(minimumBalance(account2)=5,(50<T=<511/10))
fholdsAt(minimumBalance(account2)=5,(511/10<T=<1000))
fholdsAt(serviceFee(account1)=1,(0<T=<10))
fholdsAt(serviceFee(account1)=1,(10<T=<20))
fholdsAt(serviceFee(account1)=1,(20<T=<211/10))
fholdsAt(serviceFee(account1)=1,(211/10<T=<50))
fholdsAt(serviceFee(account1)=1,(50<T=<511/10))
fholdsAt(serviceFee(account1)=1,(511/10<T=<1000))
fholdsAt(serviceFee(account2)=1,(0<T=<10))
fholdsAt(serviceFee(account2)=1,(10<T=<20))
fholdsAt(serviceFee(account2)=1,(20<T=<211/10))
fholdsAt(serviceFee(account2)=1,(211/10<T=<50))
fholdsAt(serviceFee(account2)=1,(50<T=<511/10))
fholdsAt(serviceFee(account2)=1,(511/10<T=<1000))
happens(chargeServiceFee(account1),211/10)
happens(chargeServiceFee(account1),511/10)
happens(monthlyReset(account1),50)
happens(monthlyReset(account2),50)
happens(transfer(account1,account2,2),10)
happens(transfer(account1,account2,4),20)
holdsAt(serviceFeeCharged(account1),(211/10<T=<50))
holdsAt(serviceFeeCharged(account1),(511/10<T=<1000))
maxStep(5)
Assignment:
(balance(account1),0)=10 (balance(account1),1)=8 (balance(account1),2)=4 (balance(account1),3)=3 (balance(account1),4)=3 (balance(account1),5)=2 (balance(account2),0)=10 (balance(account2),1)=12 (balance(account2),2)=16 (balance(account2),3)=16 (balance(account2),4)=16 (balance(account2),5)=16 (minimumBalance(account1),0)=5 (minimumBalance(account1),1)=5 (minimumBalance(account1),2)=5 (minimumBalance(account1),3)=5 (minimumBalance(account1),4)=5 (minimumBalance(account1),5)=5 (minimumBalance(account2),0)=5 (minimumBalance(account2),1)=5 (minimumBalance(account2),2)=5 (minimumBalance(account2),3)=5 (minimumBalance(account2),4)=5 (minimumBalance(account2),5)=5 (serviceFee(account1),0)=1 (serviceFee(account1),1)=1 (serviceFee(account1),2)=1 (serviceFee(account1),3)=1 (serviceFee(account1),4)=1 (serviceFee(account1),5)=1 (serviceFee(account2),0)=1 (serviceFee(account2),1)=1 (serviceFee(account2),2)=1 (serviceFee(account2),3)=1 (serviceFee(account2),4)=1 (serviceFee(account2),5)=1 (time,0)=10 (time,1)=20 (time,2)=211/10 (time,3)=50 (time,4)=511/10 (time,5)=1000 (timeDiff,0,0)=0 (timeDiff,0,1)=10 (timeDiff,0,2)=111/10 (timeDiff,0,3)=40 (timeDiff,0,4)=411/10 (timeDiff,0,5)=990 (timeDiff,1,1)=0 (timeDiff,1,2)=11/10 (timeDiff,1,3)=30 (timeDiff,1,4)=311/10 (timeDiff,1,5)=980 (timeDiff,2,2)=0 (timeDiff,2,3)=289/10 (timeDiff,2,4)=30 (timeDiff,2,5)=9789/10 (timeDiff,3,3)=0 (timeDiff,3,4)=11/10 (timeDiff,3,5)=950 (timeDiff,4,4)=0 (timeDiff,4,5)=9489/10 (timeDiff,5,5)=0
SATISFIABLE

Models       : 1
Calls        : 1
Time         : 0.061s   (Solving: 0.003s 1st Model: 0.003s Unsat: 0.000s)
CPU Time     : 0.031s



  real      0:00.91
  real [s]  0.91
  user [s]  0.45
  sys  [s]  0.20
  mem  [KB] 29404
  avgm [KB] 0
