$ python ../../hec-incr.py --maxtime 1000 ./model.lp ./narrative2.lp --no_last_step --keep_going --minstep 8 --maxstep 10


Looking for the right number of steps: 8 FOUND
clingo-lpx version 1.4.0
Reading from ...n/hybrid-clingo/axioms/hec-memb-lpx.lp ...
Solving...
Answer: 1 (Time: 0.073s)
fholdsAt(height=10,(0<T=<10))
fholdsAt(velocity=0,(0<T=<10))
fholdsAtC(height=(10->0),(10<T=<20),eq((((1,10),),-1)))
fholdsAtC(height=(0->5/2),(20<T=<45/2),eq((((1,0),),1)))
fholdsAtC(height=(5/2->0),(45/2<T=<25),eq((((1,5/2),),-1)))
fholdsAtC(height=(0->5/8),(25<T=<205/8),eq((((1,0),),1)))
fholdsAtC(height=(5/8->0),(205/8<T=<105/4),eq((((1,5/8),),-1)))
fholdsAtC(height=(0->5/32),(105/4<T=<845/32),eq((((1,0),),1)))
fholdsAtC(height=(5/32->0),(845/32<T=<425/16),eq((((1,5/32),),-1)))
fholdsAtC(height=(0->5/128),(425/16<T=<3405/128),eq((((1,0),),1)))
fholdsAtC(velocity=(0->10),(10<T=<20),eq((((1,0),),1)))
fholdsAtC(velocity=(10->0),(20<T=<45/2),eq(((("0.25",10),),-1)))
fholdsAtC(velocity=(0->5/2),(45/2<T=<25),eq((((1,0),),1)))
fholdsAtC(velocity=(5/2->0),(25<T=<205/8),eq(((("0.25",5/2),),-1)))
fholdsAtC(velocity=(0->5/8),(205/8<T=<105/4),eq((((1,0),),1)))
fholdsAtC(velocity=(5/8->0),(105/4<T=<845/32),eq(((("0.25",5/8),),-1)))
fholdsAtC(velocity=(0->5/32),(845/32<T=<425/16),eq((((1,0),),1)))
fholdsAtC(velocity=(5/32->0),(425/16<T=<3405/128),eq(((("0.25",5/32),),-1)))
happens(bounce_up,20)
happens(bounce_up,25)
happens(bounce_up,105/4)
happens(bounce_up,425/16)
happens(drop,10)
happens(fall_down,10)
happens(fall_down,45/2)
happens(fall_down,205/8)
happens(fall_down,845/32)
happens(fall_down,3405/128)
happens(hit_ground,20)
happens(hit_ground,25)
happens(hit_ground,105/4)
happens(hit_ground,425/16)
happens(reach_apex,45/2)
happens(reach_apex,205/8)
happens(reach_apex,845/32)
happens(reach_apex,3405/128)
holdsAt(constant_fall_rate(1),(0<T=<10))
holdsAt(constant_fall_rate(1),(10<T=<20))
holdsAt(constant_fall_rate(1),(20<T=<45/2))
holdsAt(constant_fall_rate(1),(45/2<T=<25))
holdsAt(constant_fall_rate(1),(25<T=<205/8))
holdsAt(constant_fall_rate(1),(205/8<T=<105/4))
holdsAt(constant_fall_rate(1),(105/4<T=<845/32))
holdsAt(constant_fall_rate(1),(845/32<T=<425/16))
holdsAt(constant_fall_rate(1),(425/16<T=<3405/128))
holdsAt(falling,(10<T=<20))
holdsAt(falling,(45/2<T=<25))
holdsAt(falling,(205/8<T=<105/4))
holdsAt(falling,(845/32<T=<425/16))
holdsAt(rising,(20<T=<45/2))
holdsAt(rising,(25<T=<205/8))
holdsAt(rising,(105/4<T=<845/32))
holdsAt(rising,(425/16<T=<3405/128))
holdsAt(velocity_loss_portion("0.75"),(0<T=<10))
holdsAt(velocity_loss_portion("0.75"),(10<T=<20))
holdsAt(velocity_loss_portion("0.75"),(20<T=<45/2))
holdsAt(velocity_loss_portion("0.75"),(45/2<T=<25))
holdsAt(velocity_loss_portion("0.75"),(25<T=<205/8))
holdsAt(velocity_loss_portion("0.75"),(205/8<T=<105/4))
holdsAt(velocity_loss_portion("0.75"),(105/4<T=<845/32))
holdsAt(velocity_loss_portion("0.75"),(845/32<T=<425/16))
holdsAt(velocity_loss_portion("0.75"),(425/16<T=<3405/128))
maxStep(8)
releasedAt(height,(10<T=<20))
releasedAt(height,(20<T=<45/2))
releasedAt(height,(45/2<T=<25))
releasedAt(height,(25<T=<205/8))
releasedAt(height,(205/8<T=<105/4))
releasedAt(height,(105/4<T=<845/32))
releasedAt(height,(845/32<T=<425/16))
releasedAt(height,(425/16<T=<3405/128))
releasedAt(velocity,(10<T=<20))
releasedAt(velocity,(20<T=<45/2))
releasedAt(velocity,(45/2<T=<25))
releasedAt(velocity,(25<T=<205/8))
releasedAt(velocity,(205/8<T=<105/4))
releasedAt(velocity,(105/4<T=<845/32))
releasedAt(velocity,(845/32<T=<425/16))
releasedAt(velocity,(425/16<T=<3405/128))
Assignment:
(height,0)=10 (height,1)=0 (height,2)=5/2 (height,3)=0 (height,4)=5/8 (height,5)=0 (height,6)=5/32 (height,7)=0 (height,8)=5/128 (time,0)=10 (time,1)=20 (time,2)=45/2 (time,3)=25 (time,4)=205/8 (time,5)=105/4 (time,6)=845/32 (time,7)=425/16 (time,8)=3405/128 (velocity,0)=0 (velocity,1)=10 (velocity,2)=0 (velocity,3)=5/2 (velocity,4)=0 (velocity,5)=5/8 (velocity,6)=0 (velocity,7)=5/32 (velocity,8)=0
SATISFIABLE

Models       : 1
Calls        : 1
Time         : 0.073s   (Solving: 0.007s 1st Model: 0.007s Unsat: 0.000s)
CPU Time     : 0.037s

Looking for more solutions with more steps: 9 FOUND
clingo-lpx version 1.4.0
Reading from ...n/hybrid-clingo/axioms/hec-memb-lpx.lp ...
Solving...
Answer: 1 (Time: 0.104s)
fholdsAt(height=10,(0<T=<10))
fholdsAt(velocity=0,(0<T=<10))
fholdsAtC(height=(10->0),(10<T=<20),eq((((1,10),),-1)))
fholdsAtC(height=(0->5/2),(20<T=<45/2),eq((((1,0),),1)))
fholdsAtC(height=(5/2->0),(45/2<T=<25),eq((((1,5/2),),-1)))
fholdsAtC(height=(0->5/8),(25<T=<205/8),eq((((1,0),),1)))
fholdsAtC(height=(5/8->0),(205/8<T=<105/4),eq((((1,5/8),),-1)))
fholdsAtC(height=(0->5/32),(105/4<T=<845/32),eq((((1,0),),1)))
fholdsAtC(height=(5/32->0),(845/32<T=<425/16),eq((((1,5/32),),-1)))
fholdsAtC(height=(0->5/128),(425/16<T=<3405/128),eq((((1,0),),1)))
fholdsAtC(height=(5/128->0),(3405/128<T=<1705/64),eq((((1,5/128),),-1)))
fholdsAtC(velocity=(0->10),(10<T=<20),eq((((1,0),),1)))
fholdsAtC(velocity=(10->0),(20<T=<45/2),eq(((("0.25",10),),-1)))
fholdsAtC(velocity=(0->5/2),(45/2<T=<25),eq((((1,0),),1)))
fholdsAtC(velocity=(5/2->0),(25<T=<205/8),eq(((("0.25",5/2),),-1)))
fholdsAtC(velocity=(0->5/8),(205/8<T=<105/4),eq((((1,0),),1)))
fholdsAtC(velocity=(5/8->0),(105/4<T=<845/32),eq(((("0.25",5/8),),-1)))
fholdsAtC(velocity=(0->5/32),(845/32<T=<425/16),eq((((1,0),),1)))
fholdsAtC(velocity=(5/32->0),(425/16<T=<3405/128),eq(((("0.25",5/32),),-1)))
fholdsAtC(velocity=(0->5/128),(3405/128<T=<1705/64),eq((((1,0),),1)))
happens(bounce_up,20)
happens(bounce_up,25)
happens(bounce_up,105/4)
happens(bounce_up,425/16)
happens(bounce_up,1705/64)
happens(drop,10)
happens(fall_down,10)
happens(fall_down,45/2)
happens(fall_down,205/8)
happens(fall_down,845/32)
happens(fall_down,3405/128)
happens(hit_ground,20)
happens(hit_ground,25)
happens(hit_ground,105/4)
happens(hit_ground,425/16)
happens(hit_ground,1705/64)
happens(reach_apex,45/2)
happens(reach_apex,205/8)
happens(reach_apex,845/32)
happens(reach_apex,3405/128)
holdsAt(constant_fall_rate(1),(0<T=<10))
holdsAt(constant_fall_rate(1),(10<T=<20))
holdsAt(constant_fall_rate(1),(20<T=<45/2))
holdsAt(constant_fall_rate(1),(45/2<T=<25))
holdsAt(constant_fall_rate(1),(25<T=<205/8))
holdsAt(constant_fall_rate(1),(205/8<T=<105/4))
holdsAt(constant_fall_rate(1),(105/4<T=<845/32))
holdsAt(constant_fall_rate(1),(845/32<T=<425/16))
holdsAt(constant_fall_rate(1),(425/16<T=<3405/128))
holdsAt(constant_fall_rate(1),(3405/128<T=<1705/64))
holdsAt(falling,(10<T=<20))
holdsAt(falling,(45/2<T=<25))
holdsAt(falling,(205/8<T=<105/4))
holdsAt(falling,(845/32<T=<425/16))
holdsAt(falling,(3405/128<T=<1705/64))
holdsAt(rising,(20<T=<45/2))
holdsAt(rising,(25<T=<205/8))
holdsAt(rising,(105/4<T=<845/32))
holdsAt(rising,(425/16<T=<3405/128))
holdsAt(velocity_loss_portion("0.75"),(0<T=<10))
holdsAt(velocity_loss_portion("0.75"),(10<T=<20))
holdsAt(velocity_loss_portion("0.75"),(20<T=<45/2))
holdsAt(velocity_loss_portion("0.75"),(45/2<T=<25))
holdsAt(velocity_loss_portion("0.75"),(25<T=<205/8))
holdsAt(velocity_loss_portion("0.75"),(205/8<T=<105/4))
holdsAt(velocity_loss_portion("0.75"),(105/4<T=<845/32))
holdsAt(velocity_loss_portion("0.75"),(845/32<T=<425/16))
holdsAt(velocity_loss_portion("0.75"),(425/16<T=<3405/128))
holdsAt(velocity_loss_portion("0.75"),(3405/128<T=<1705/64))
maxStep(9)
releasedAt(height,(10<T=<20))
releasedAt(height,(20<T=<45/2))
releasedAt(height,(45/2<T=<25))
releasedAt(height,(25<T=<205/8))
releasedAt(height,(205/8<T=<105/4))
releasedAt(height,(105/4<T=<845/32))
releasedAt(height,(845/32<T=<425/16))
releasedAt(height,(425/16<T=<3405/128))
releasedAt(height,(3405/128<T=<1705/64))
releasedAt(velocity,(10<T=<20))
releasedAt(velocity,(20<T=<45/2))
releasedAt(velocity,(45/2<T=<25))
releasedAt(velocity,(25<T=<205/8))
releasedAt(velocity,(205/8<T=<105/4))
releasedAt(velocity,(105/4<T=<845/32))
releasedAt(velocity,(845/32<T=<425/16))
releasedAt(velocity,(425/16<T=<3405/128))
releasedAt(velocity,(3405/128<T=<1705/64))
Assignment:
(height,0)=10 (height,1)=0 (height,2)=5/2 (height,3)=0 (height,4)=5/8 (height,5)=0 (height,6)=5/32 (height,7)=0 (height,8)=5/128 (height,9)=0 (time,0)=10 (time,1)=20 (time,2)=45/2 (time,3)=25 (time,4)=205/8 (time,5)=105/4 (time,6)=845/32 (time,7)=425/16 (time,8)=3405/128 (time,9)=1705/64 (velocity,0)=0 (velocity,1)=10 (velocity,2)=0 (velocity,3)=5/2 (velocity,4)=0 (velocity,5)=5/8 (velocity,6)=0 (velocity,7)=5/32 (velocity,8)=0 (velocity,9)=5/128
SATISFIABLE

Models       : 1
Calls        : 1
Time         : 0.104s   (Solving: 0.011s 1st Model: 0.011s Unsat: 0.000s)
CPU Time     : 0.054s

Looking for more solutions with more steps: 10 FOUND
clingo-lpx version 1.4.0
Reading from ...n/hybrid-clingo/axioms/hec-memb-lpx.lp ...
Solving...
Answer: 1 (Time: 0.089s)
fholdsAt(height=10,(0<T=<10))
fholdsAt(velocity=0,(0<T=<10))
fholdsAtC(height=(10->0),(10<T=<20),eq((((1,10),),-1)))
fholdsAtC(height=(0->5/2),(20<T=<45/2),eq((((1,0),),1)))
fholdsAtC(height=(5/2->0),(45/2<T=<25),eq((((1,5/2),),-1)))
fholdsAtC(height=(0->5/8),(25<T=<205/8),eq((((1,0),),1)))
fholdsAtC(height=(5/8->0),(205/8<T=<105/4),eq((((1,5/8),),-1)))
fholdsAtC(height=(0->5/32),(105/4<T=<845/32),eq((((1,0),),1)))
fholdsAtC(height=(5/32->0),(845/32<T=<425/16),eq((((1,5/32),),-1)))
fholdsAtC(height=(0->5/128),(425/16<T=<3405/128),eq((((1,0),),1)))
fholdsAtC(height=(5/128->0),(3405/128<T=<1705/64),eq((((1,5/128),),-1)))
fholdsAtC(height=(0->5/512),(1705/64<T=<13645/512),eq((((1,0),),1)))
fholdsAtC(velocity=(0->10),(10<T=<20),eq((((1,0),),1)))
fholdsAtC(velocity=(10->0),(20<T=<45/2),eq(((("0.25",10),),-1)))
fholdsAtC(velocity=(0->5/2),(45/2<T=<25),eq((((1,0),),1)))
fholdsAtC(velocity=(5/2->0),(25<T=<205/8),eq(((("0.25",5/2),),-1)))
fholdsAtC(velocity=(0->5/8),(205/8<T=<105/4),eq((((1,0),),1)))
fholdsAtC(velocity=(5/8->0),(105/4<T=<845/32),eq(((("0.25",5/8),),-1)))
fholdsAtC(velocity=(0->5/32),(845/32<T=<425/16),eq((((1,0),),1)))
fholdsAtC(velocity=(5/32->0),(425/16<T=<3405/128),eq(((("0.25",5/32),),-1)))
fholdsAtC(velocity=(0->5/128),(3405/128<T=<1705/64),eq((((1,0),),1)))
fholdsAtC(velocity=(5/128->0),(1705/64<T=<13645/512),eq(((("0.25",5/128),),-1)))
happens(bounce_up,20)
happens(bounce_up,25)
happens(bounce_up,105/4)
happens(bounce_up,425/16)
happens(bounce_up,1705/64)
happens(drop,10)
happens(fall_down,10)
happens(fall_down,45/2)
happens(fall_down,205/8)
happens(fall_down,845/32)
happens(fall_down,3405/128)
happens(fall_down,13645/512)
happens(hit_ground,20)
happens(hit_ground,25)
happens(hit_ground,105/4)
happens(hit_ground,425/16)
happens(hit_ground,1705/64)
happens(reach_apex,45/2)
happens(reach_apex,205/8)
happens(reach_apex,845/32)
happens(reach_apex,3405/128)
happens(reach_apex,13645/512)
holdsAt(constant_fall_rate(1),(0<T=<10))
holdsAt(constant_fall_rate(1),(10<T=<20))
holdsAt(constant_fall_rate(1),(20<T=<45/2))
holdsAt(constant_fall_rate(1),(45/2<T=<25))
holdsAt(constant_fall_rate(1),(25<T=<205/8))
holdsAt(constant_fall_rate(1),(205/8<T=<105/4))
holdsAt(constant_fall_rate(1),(105/4<T=<845/32))
holdsAt(constant_fall_rate(1),(845/32<T=<425/16))
holdsAt(constant_fall_rate(1),(425/16<T=<3405/128))
holdsAt(constant_fall_rate(1),(3405/128<T=<1705/64))
holdsAt(constant_fall_rate(1),(1705/64<T=<13645/512))
holdsAt(falling,(10<T=<20))
holdsAt(falling,(45/2<T=<25))
holdsAt(falling,(205/8<T=<105/4))
holdsAt(falling,(845/32<T=<425/16))
holdsAt(falling,(3405/128<T=<1705/64))
holdsAt(rising,(20<T=<45/2))
holdsAt(rising,(25<T=<205/8))
holdsAt(rising,(105/4<T=<845/32))
holdsAt(rising,(425/16<T=<3405/128))
holdsAt(rising,(1705/64<T=<13645/512))
holdsAt(velocity_loss_portion("0.75"),(0<T=<10))
holdsAt(velocity_loss_portion("0.75"),(10<T=<20))
holdsAt(velocity_loss_portion("0.75"),(20<T=<45/2))
holdsAt(velocity_loss_portion("0.75"),(45/2<T=<25))
holdsAt(velocity_loss_portion("0.75"),(25<T=<205/8))
holdsAt(velocity_loss_portion("0.75"),(205/8<T=<105/4))
holdsAt(velocity_loss_portion("0.75"),(105/4<T=<845/32))
holdsAt(velocity_loss_portion("0.75"),(845/32<T=<425/16))
holdsAt(velocity_loss_portion("0.75"),(425/16<T=<3405/128))
holdsAt(velocity_loss_portion("0.75"),(3405/128<T=<1705/64))
holdsAt(velocity_loss_portion("0.75"),(1705/64<T=<13645/512))
maxStep(10)
releasedAt(height,(10<T=<20))
releasedAt(height,(20<T=<45/2))
releasedAt(height,(45/2<T=<25))
releasedAt(height,(25<T=<205/8))
releasedAt(height,(205/8<T=<105/4))
releasedAt(height,(105/4<T=<845/32))
releasedAt(height,(845/32<T=<425/16))
releasedAt(height,(425/16<T=<3405/128))
releasedAt(height,(3405/128<T=<1705/64))
releasedAt(height,(1705/64<T=<13645/512))
releasedAt(velocity,(10<T=<20))
releasedAt(velocity,(20<T=<45/2))
releasedAt(velocity,(45/2<T=<25))
releasedAt(velocity,(25<T=<205/8))
releasedAt(velocity,(205/8<T=<105/4))
releasedAt(velocity,(105/4<T=<845/32))
releasedAt(velocity,(845/32<T=<425/16))
releasedAt(velocity,(425/16<T=<3405/128))
releasedAt(velocity,(3405/128<T=<1705/64))
releasedAt(velocity,(1705/64<T=<13645/512))
Assignment:
(height,0)=10 (height,1)=0 (height,2)=5/2 (height,3)=0 (height,4)=5/8 (height,5)=0 (height,6)=5/32 (height,7)=0 (height,8)=5/128 (height,9)=0 (height,10)=5/512 (time,0)=10 (time,1)=20 (time,2)=45/2 (time,3)=25 (time,4)=205/8 (time,5)=105/4 (time,6)=845/32 (time,7)=425/16 (time,8)=3405/128 (time,9)=1705/64 (time,10)=13645/512 (velocity,0)=0 (velocity,1)=10 (velocity,2)=0 (velocity,3)=5/2 (velocity,4)=0 (velocity,5)=5/8 (velocity,6)=0 (velocity,7)=5/32 (velocity,8)=0 (velocity,9)=5/128 (velocity,10)=0
SATISFIABLE

Models       : 1
Calls        : 1
Time         : 0.089s   (Solving: 0.016s 1st Model: 0.016s Unsat: 0.000s)
CPU Time     : 0.051s

Looking for more solutions with more steps: MAXSTEP_REACHED


  real      0:00.72
  real [s]  0.72
  user [s]  0.39
  sys  [s]  0.11
  mem  [KB] 29776
  avgm [KB] 0
