$ python ../../hec-incr.py --maxtime 22 ./model-fixed.lp


Looking for the right number of steps: 1 2 3 4 5 6 7 FOUND
clingo-lpx version 1.4.0
Reading from ...n/hybrid-clingo/axioms/hec-memb-lpx.lp ...
Solving...
Answer: 1 (Time: 0.065s)
fholdsAt(water_left=100,(0<T=<10))
fholdsAt(water_right=100,(0<T=<10))
fholdsAtC(water_left=(100->50),(10<T=<25/2),eq((((1,100),),-20)))
fholdsAtC(water_left=(50->175/2),(25/2<T=<65/4),eq((((1,50),),10)))
fholdsAtC(water_left=(175/2->50),(65/4<T=<145/8),eq((((1,175/2),),-20)))
fholdsAtC(water_left=(50->60),(145/8<T=<153/8),eq((((1,50),),10)))
fholdsAtC(water_left=(60->40),(153/8<T=<161/8),eq((((1,60),),-20)))
fholdsAtC(water_left=(40->50),(161/8<T=<169/8),eq((((1,40),),10)))
fholdsAtC(water_left=(50->65/2),(169/8<T=<22),eq((((1,50),),-20)))
fholdsAtC(water_right=(100->125),(10<T=<25/2),eq((((1,100),),10)))
fholdsAtC(water_right=(125->50),(25/2<T=<65/4),eq((((1,125),),-20)))
fholdsAtC(water_right=(50->275/4),(65/4<T=<145/8),eq((((1,50),),10)))
fholdsAtC(water_right=(275/4->195/4),(145/8<T=<153/8),eq((((1,275/4),),-20)))
fholdsAtC(water_right=(195/4->235/4),(153/8<T=<161/8),eq((((1,195/4),),10)))
fholdsAtC(water_right=(235/4->155/4),(161/8<T=<169/8),eq((((1,235/4),),-20)))
fholdsAtC(water_right=(155/4->95/2),(169/8<T=<22),eq((((1,155/4),),10)))
happens(start(right),10)
happens(switch_left,25/2)
happens(switch_left,145/8)
happens(switch_left,161/8)
happens(switch_right,65/4)
happens(switch_right,153/8)
happens(switch_right,169/8)
holdsAt(left_filling,(25/2<T=<65/4))
holdsAt(left_filling,(145/8<T=<153/8))
holdsAt(left_filling,(161/8<T=<169/8))
holdsAt(right_filling,(10<T=<25/2))
holdsAt(right_filling,(65/4<T=<145/8))
holdsAt(right_filling,(153/8<T=<161/8))
holdsAt(right_filling,(169/8<T=<22))
maxStep(7)
releasedAt(water_left,(10<T=<25/2))
releasedAt(water_left,(25/2<T=<65/4))
releasedAt(water_left,(65/4<T=<145/8))
releasedAt(water_left,(145/8<T=<153/8))
releasedAt(water_left,(153/8<T=<161/8))
releasedAt(water_left,(161/8<T=<169/8))
releasedAt(water_left,(169/8<T=<22))
releasedAt(water_right,(10<T=<25/2))
releasedAt(water_right,(25/2<T=<65/4))
releasedAt(water_right,(65/4<T=<145/8))
releasedAt(water_right,(145/8<T=<153/8))
releasedAt(water_right,(153/8<T=<161/8))
releasedAt(water_right,(161/8<T=<169/8))
releasedAt(water_right,(169/8<T=<22))
Assignment:
(time,0)=10 (time,1)=25/2 (time,2)=65/4 (time,3)=145/8 (time,4)=153/8 (time,5)=161/8 (time,6)=169/8 (time,7)=22 (water_left,0)=100 (water_left,1)=50 (water_left,2)=175/2 (water_left,3)=50 (water_left,4)=60 (water_left,5)=40 (water_left,6)=50 (water_left,7)=65/2 (water_right,0)=100 (water_right,1)=125 (water_right,2)=50 (water_right,3)=275/4 (water_right,4)=195/4 (water_right,5)=235/4 (water_right,6)=155/4 (water_right,7)=95/2 (timeDiff,0,0)=0 (timeDiff,0,1)=5/2 (timeDiff,0,2)=25/4 (timeDiff,0,3)=65/8 (timeDiff,0,4)=73/8 (timeDiff,0,5)=81/8 (timeDiff,0,6)=89/8 (timeDiff,0,7)=12 (timeDiff,1,1)=0 (timeDiff,1,2)=15/4 (timeDiff,1,3)=45/8 (timeDiff,1,4)=53/8 (timeDiff,1,5)=61/8 (timeDiff,1,6)=69/8 (timeDiff,1,7)=19/2 (timeDiff,2,2)=0 (timeDiff,2,3)=15/8 (timeDiff,2,4)=23/8 (timeDiff,2,5)=31/8 (timeDiff,2,6)=39/8 (timeDiff,2,7)=23/4 (timeDiff,3,3)=0 (timeDiff,3,4)=1 (timeDiff,3,5)=2 (timeDiff,3,6)=3 (timeDiff,3,7)=31/8 (timeDiff,4,4)=0 (timeDiff,4,5)=1 (timeDiff,4,6)=2 (timeDiff,4,7)=23/8 (timeDiff,5,5)=0 (timeDiff,5,6)=1 (timeDiff,5,7)=15/8 (timeDiff,6,6)=0 (timeDiff,6,7)=7/8 (timeDiff,7,7)=0
SATISFIABLE

Models       : 1
Calls        : 1
Time         : 0.065s   (Solving: 0.005s 1st Model: 0.004s Unsat: 0.000s)
CPU Time     : 0.034s



  real      0:01.35
  real [s]  1.35
  user [s]  0.68
  sys  [s]  0.28
  mem  [KB] 29500
  avgm [KB] 0
