$ python ../hec-incr.py --con ./Happy2-ea.lp


Looking for the right number of steps: 1 FOUND
clingcon version 5.2.1
Reading from ...n/hybrid-clingo/axioms/hec-memb-con.lp ...
Solving...
Answer: 1 (Time: 0.049s)
maxStep(1)
happens(feed(fred),1)
holdsAt(happy(fred),(1<T=<2))
holdsAt(hungry(fred),(0<T=<1))
releasedAt(happy(fred),(0<T=<1))
releasedAt(happy(fred),(1<T=<2))
Assignment:
(time,0)=1 (time,1)=2
SATISFIABLE

Models       : 1
Calls        : 1
Time         : 0.049s (Solving: 0.00s 1st Model: 0.00s Unsat: 0.00s)
CPU Time     : 0.025s


Command exited with non-zero status 30

  real      0:00.24
  real [s]  0.24
  user [s]  0.11
  sys  [s]  0.06
  mem  [KB] 20864
  avgm [KB] 0
