$ python ../hec-incr.py --con --no_axioms ../axioms/hec_dur.lp ../axioms/hec_dur-show.lp ./Commuter15-ea.lp


Looking for the right number of steps: 1 2 3 4 FOUND
clingcon version 5.2.1
Reading from ...n/hybrid-clingo/axioms/hec-memb-con.lp ...
Solving...
Answer: 1 (Time: 0.056s)
maxStep(4)
happens(trainTo(southKen),10)
happens(trainTo(victoria),6)
happens(walkTo(herneHill),1)
happens(walkTo(work),12)
holdsAt(at(herneHill),(1<T=<6))
holdsAt(at(home),(0<T=<1))
holdsAt(at(southKen),(10<T=<12))
holdsAt(at(victoria),(6<T=<10))
holdsAt(at(work),(12<T=<15))
holdsAt(train(herneHill,victoria),(0<T=<1))
holdsAt(train(herneHill,victoria),(1<T=<6))
holdsAt(train(herneHill,victoria),(6<T=<10))
holdsAt(train(herneHill,victoria),(10<T=<12))
holdsAt(train(herneHill,victoria),(12<T=<15))
holdsAt(train(victoria,southKen),(0<T=<1))
holdsAt(train(victoria,southKen),(1<T=<6))
holdsAt(train(victoria,southKen),(6<T=<10))
holdsAt(train(victoria,southKen),(10<T=<12))
holdsAt(train(victoria,southKen),(12<T=<15))
happens3(goToWork,1,12)
happens3(trainTo(southKen),10,10)
happens3(trainTo(victoria),6,6)
happens3(walkTo(herneHill),1,1)
happens3(walkTo(work),12,12)
Assignment:
(time,0)=1 (time,1)=6 (time,2)=10 (time,3)=12 (time,4)=15
SATISFIABLE

Models       : 1
Calls        : 1
Time         : 0.057s (Solving: 0.00s 1st Model: 0.00s Unsat: 0.00s)
CPU Time     : 0.036s


Command exited with non-zero status 30

  real      0:00.74
  real [s]  0.74
  user [s]  0.45
  sys  [s]  0.10
  mem  [KB] 21880
  avgm [KB] 0
