$ python ../hec-incr.py --con ./StuffyRoom40-ea.lp


Looking for the right number of steps: 1 2 FOUND
clingcon version 5.2.1
Reading from ...n/hybrid-clingo/axioms/hec-memb-con.lp ...
Solving...
Answer: 1 (Time: 0.052s)
maxStep(2)
happens(close2,20)
happens(start,10)
holdsAt(blocked1,(10<T=<20))
holdsAt(blocked1,(20<T=<40))
holdsAt(blocked2,(20<T=<40))
holdsAt(stuffy,(20<T=<40))
releasedAt(stuffy,(0<T=<10))
releasedAt(stuffy,(10<T=<20))
releasedAt(stuffy,(20<T=<40))
Assignment:
(time,0)=10 (time,1)=20 (time,2)=40
SATISFIABLE

Models       : 1
Calls        : 1
Time         : 0.053s (Solving: 0.00s 1st Model: 0.00s Unsat: 0.00s)
CPU Time     : 0.028s


Command exited with non-zero status 30

  real      0:00.41
  real [s]  0.41
  user [s]  0.22
  sys  [s]  0.08
  mem  [KB] 20864
  avgm [KB] 0
