$ python ../hec-incr.py --con ./HotAirBalloon40-ea.lp


Looking for the right number of steps: 1 2 FOUND
clingcon version 5.2.1
Reading from ...n/hybrid-clingo/axioms/hec-memb-con.lp ...
Solving...
Answer: 1 (Time: 0.044s)
maxStep(2)
happens(turnOffHeater(nathan,balloon),20)
happens(turnOnHeater(nathan,balloon),0)
holdsAt(heaterOn(balloon),(0<T=<20))
releasedAt(height(balloon),(0<T=<20))
releasedAt(height(balloon),(20<T=<40))
fholdsAtC(height(balloon)=(0->20),(0<T=<20),eq((((1,0),),1)))
fholdsAtC(height(balloon)=(20->0),(20<T=<40),eq((((1,20),),-1)))
Assignment:
(time,0)=0 (time,1)=20 (time,2)=40 (height(balloon),0)=0 (height(balloon),1)=20 (height(balloon),2)=0
SATISFIABLE

Models       : 1
Calls        : 1
Time         : 0.044s (Solving: 0.00s 1st Model: 0.00s Unsat: 0.00s)
CPU Time     : 0.025s


Command exited with non-zero status 30

  real      0:00.38
  real [s]  0.38
  user [s]  0.22
  sys  [s]  0.06
  mem  [KB] 20732
  avgm [KB] 0
