$ python ../hec-incr.py --con ./HotAirBalloon15-ea.lp


Looking for the right number of steps: 1 2 FOUND
clingcon version 5.2.1
Reading from ...n/hybrid-clingo/axioms/hec-memb-con.lp ...
Solving...
Answer: 1 (Time: 0.049s)
maxStep(2)
happens(turnOffHeater(nathan,balloon),6)
happens(turnOnHeater(nathan,balloon),0)
holdsAt(heaterOn(balloon),(0<T=<6))
releasedAt(height(balloon),(0<T=<6))
releasedAt(height(balloon),(6<T=<15))
fholdsAtC(height(balloon)=(0->6),(0<T=<6),eq((((1,0),),1)))
fholdsAtC(height(balloon)=(6->-3),(6<T=<15),eq((((1,6),),-1)))
Assignment:
(time,0)=0 (time,1)=6 (time,2)=15 (height(balloon),0)=0 (height(balloon),1)=6 (height(balloon),2)=-3
SATISFIABLE

Models       : 1
Calls        : 1
Time         : 0.050s (Solving: 0.00s 1st Model: 0.00s Unsat: 0.00s)
CPU Time     : 0.026s


Command exited with non-zero status 30

  real      0:00.39
  real [s]  0.39
  user [s]  0.21
  sys  [s]  0.07
  mem  [KB] 21120
  avgm [KB] 0
