$ python ../hec-incr.py --con ./KitchenSink_M25-ea.lp


Looking for the right number of steps: 1 2 FOUND
clingcon version 5.2.1
Reading from ...n/hybrid-clingo/axioms/hec-memb-con.lp ...
Solving...
Answer: 1 (Time: 0.047s)
maxStep(2)
happens(overflow,15)
happens(tapOn,0)
holdsAt(filling,(0<T=<15))
holdsAt(spilling,(15<T=<25))
releasedAt(height,(0<T=<15))
fholdsAt(height=15,(15<T=<25))
fholdsAtC(height=(0->15),(0<T=<15),eq((((1,0),),1)))
Assignment:
(height,0)=0 (height,1)=15 (height,2)=15 (time,0)=0 (time,1)=15 (time,2)=25
SATISFIABLE

Models       : 1
Calls        : 1
Time         : 0.048s (Solving: 0.00s 1st Model: 0.00s Unsat: 0.00s)
CPU Time     : 0.025s


Command exited with non-zero status 30

  real      0:00.39
  real [s]  0.39
  user [s]  0.21
  sys  [s]  0.08
  mem  [KB] 20992
  avgm [KB] 0
