$ python ../hec-incr.py --con ./HotAirBalloon3-ea.lp


Looking for the right number of steps: 1 2 FOUND
clingcon version 5.2.1
Reading from ...n/hybrid-clingo/axioms/hec-memb-con.lp ...
Solving...
Answer: 1 (Time: 0.047s)
maxStep(2)
happens(turnOffHeater(nathan,balloon),2)
happens(turnOnHeater(nathan,balloon),0)
holdsAt(heaterOn(balloon),(0<T=<2))
releasedAt(height(balloon),(0<T=<2))
releasedAt(height(balloon),(2<T=<3))
fholdsAtC(height(balloon)=(0->2),(0<T=<2),eq((((1,0),),1)))
fholdsAtC(height(balloon)=(2->1),(2<T=<3),eq((((1,2),),-1)))
Assignment:
(time,0)=0 (time,1)=2 (time,2)=3 (height(balloon),0)=0 (height(balloon),1)=2 (height(balloon),2)=1
SATISFIABLE

Models       : 1
Calls        : 1
Time         : 0.048s (Solving: 0.00s 1st Model: 0.00s Unsat: 0.00s)
CPU Time     : 0.024s


Command exited with non-zero status 30

  real      0:00.40
  real [s]  0.40
  user [s]  0.21
  sys  [s]  0.07
  mem  [KB] 20860
  avgm [KB] 0
