$ python ../hec-incr.py --con ./FallingObjectWithEvents25-ea.lp


Looking for the right number of steps: 1 2 FOUND
clingcon version 5.2.1
Reading from ...n/hybrid-clingo/axioms/hec-memb-con.lp ...
Solving...
Answer: 1 (Time: 0.044s)
maxStep(2)
happens(hitGround(apple),21)
happens(drop(nathan,apple),18)
holdsAt(falling(apple),(18<T=<21))
releasedAt(height(apple),(18<T=<21))
fholdsAt(height(apple)=3,(0<T=<18))
fholdsAt(height(apple)=0,(21<T=<25))
fholdsAtC(height(apple)=(3->0),(18<T=<21),eq((((1,3),),-1)))
Assignment:
(time,0)=18 (time,1)=21 (time,2)=25 (height(apple),0)=3 (height(apple),1)=0 (height(apple),2)=0
SATISFIABLE

Models       : 1
Calls        : 1
Time         : 0.044s (Solving: 0.00s 1st Model: 0.00s Unsat: 0.00s)
CPU Time     : 0.025s


Command exited with non-zero status 30

  real      0:00.40
  real [s]  0.40
  user [s]  0.21
  sys  [s]  0.08
  mem  [KB] 21120
  avgm [KB] 0
