$ python ../hec-incr.py --con ./HotAirBalloon20-ea.lp


Looking for the right number of steps: 1 2 FOUND
clingcon version 5.2.1
Reading from ...n/hybrid-clingo/axioms/hec-memb-con.lp ...
Solving...
Answer: 1 (Time: 0.048s)
maxStep(2)
happens(turnOffHeater(nathan,balloon),8)
happens(turnOnHeater(nathan,balloon),0)
holdsAt(heaterOn(balloon),(0<T=<8))
releasedAt(height(balloon),(0<T=<8))
releasedAt(height(balloon),(8<T=<20))
fholdsAtC(height(balloon)=(0->8),(0<T=<8),eq((((1,0),),1)))
fholdsAtC(height(balloon)=(8->-4),(8<T=<20),eq((((1,8),),-1)))
Assignment:
(time,0)=0 (time,1)=8 (time,2)=20 (height(balloon),0)=0 (height(balloon),1)=8 (height(balloon),2)=-4
SATISFIABLE

Models       : 1
Calls        : 1
Time         : 0.048s (Solving: 0.00s 1st Model: 0.00s Unsat: 0.00s)
CPU Time     : 0.026s


Command exited with non-zero status 30

  real      0:00.41
  real [s]  0.41
  user [s]  0.20
  sys  [s]  0.09
  mem  [KB] 20992
  avgm [KB] 0
