$ python ../hec-incr.py --con ./FallingObjectWithAntiTrajectory25-ea.lp


Looking for the right number of steps: 1 2 FOUND
clingcon version 5.2.1
Reading from ...n/hybrid-clingo/axioms/hec-memb-con.lp ...
Solving...
Answer: 1 (Time: 0.045s)
maxStep(2)
happens(hitGround(apple),18)
happens(drop(nathan,apple),0)
holdsAt(falling(apple),(0<T=<18))
releasedAt(height(apple),(0<T=<18))
releasedAt(height(apple),(18<T=<25))
fholdsAtC(height(apple)=(18->0),(0<T=<18),eq((((1,18),),-1)))
fholdsAtC(height(apple)=(0->0),(18<T=<25),eq((((1,0),),0)))
Assignment:
(time,0)=0 (time,1)=18 (time,2)=25 (height(apple),0)=18 (height(apple),1)=0 (height(apple),2)=0
SATISFIABLE

Models       : 1
Calls        : 1
Time         : 0.046s (Solving: 0.00s 1st Model: 0.00s Unsat: 0.00s)
CPU Time     : 0.025s


Command exited with non-zero status 30

  real      0:00.40
  real [s]  0.40
  user [s]  0.21
  sys  [s]  0.08
  mem  [KB] 20988
  avgm [KB] 0
