$ python ../hec-incr.py --con ./FallingObjectWithAntiTrajectory5-ea.lp


Looking for the right number of steps: 1 2 FOUND
clingcon version 5.2.1
Reading from ...n/hybrid-clingo/axioms/hec-memb-con.lp ...
Solving...
Answer: 1 (Time: 0.044s)
maxStep(2)
happens(hitGround(apple),3)
happens(drop(nathan,apple),0)
holdsAt(falling(apple),(0<T=<3))
releasedAt(height(apple),(0<T=<3))
releasedAt(height(apple),(3<T=<5))
fholdsAtC(height(apple)=(3->0),(0<T=<3),eq((((1,3),),-1)))
fholdsAtC(height(apple)=(0->0),(3<T=<5),eq((((1,0),),0)))
Assignment:
(time,0)=0 (time,1)=3 (time,2)=5 (height(apple),0)=3 (height(apple),1)=0 (height(apple),2)=0
SATISFIABLE

Models       : 1
Calls        : 1
Time         : 0.045s (Solving: 0.00s 1st Model: 0.00s Unsat: 0.00s)
CPU Time     : 0.025s


Command exited with non-zero status 30

  real      0:00.41
  real [s]  0.41
  user [s]  0.23
  sys  [s]  0.06
  mem  [KB] 21116
  avgm [KB] 0
