$ python ../hec-incr.py --con ./FallingObjectWithEvents40-ea.lp


Looking for the right number of steps: 1 2 FOUND
clingcon version 5.2.1
Reading from ...n/hybrid-clingo/axioms/hec-memb-con.lp ...
Solving...
Answer: 1 (Time: 0.046s)
maxStep(2)
happens(hitGround(apple),35)
happens(drop(nathan,apple),0)
holdsAt(falling(apple),(0<T=<35))
releasedAt(height(apple),(0<T=<35))
fholdsAt(height(apple)=0,(35<T=<40))
fholdsAtC(height(apple)=(35->0),(0<T=<35),eq((((1,35),),-1)))
Assignment:
(time,0)=0 (time,1)=35 (time,2)=40 (height(apple),0)=35 (height(apple),1)=0 (height(apple),2)=0
SATISFIABLE

Models       : 1
Calls        : 1
Time         : 0.047s (Solving: 0.00s 1st Model: 0.00s Unsat: 0.00s)
CPU Time     : 0.025s


Command exited with non-zero status 30

  real      0:00.39
  real [s]  0.39
  user [s]  0.20
  sys  [s]  0.09
  mem  [KB] 21120
  avgm [KB] 0
