$ python ../hec-incr.py --con ./StolenCar2-ea.lp


Looking for the right number of steps: 1 2 FOUND
clingcon version 5.2.1
Reading from ...n/hybrid-clingo/axioms/hec-memb-con.lp ...
Solving...
Answer: 1 (Time: 0.042s)
maxStep(2)
happens(park,0)
happens(steal,1)
holdsAt(carParked,(0<T=<1))
-holdsAt(carParked,(1<T=<2))
-releasedAt(carParked,(0<T=<1))
-releasedAt(carParked,(1<T=<2))
Assignment:
(time,0)=0 (time,1)=1 (time,2)=2
SATISFIABLE

Models       : 1
Calls        : 1
Time         : 0.042s (Solving: 0.00s 1st Model: 0.00s Unsat: 0.00s)
CPU Time     : 0.023s


Command exited with non-zero status 30

  real      0:00.40
  real [s]  0.40
  user [s]  0.21
  sys  [s]  0.07
  mem  [KB] 20988
  avgm [KB] 0
