$ python ../hec-incr.py --con ./KitchenSink_M40-ea.lp


Looking for the right number of steps: 1 2 FOUND
clingcon version 5.2.1
Reading from ...n/hybrid-clingo/axioms/hec-memb-con.lp ...
Solving...
Answer: 1 (Time: 0.049s)
maxStep(2)
happens(overflow,30)
happens(tapOn,0)
holdsAt(filling,(0<T=<30))
holdsAt(spilling,(30<T=<40))
releasedAt(height,(0<T=<30))
fholdsAt(height=30,(30<T=<40))
fholdsAtC(height=(0->30),(0<T=<30),eq((((1,0),),1)))
Assignment:
(height,0)=0 (height,1)=30 (height,2)=30 (time,0)=0 (time,1)=30 (time,2)=40
SATISFIABLE

Models       : 1
Calls        : 1
Time         : 0.050s (Solving: 0.00s 1st Model: 0.00s Unsat: 0.00s)
CPU Time     : 0.026s


Command exited with non-zero status 30

  real      0:00.39
  real [s]  0.39
  user [s]  0.21
  sys  [s]  0.07
  mem  [KB] 20864
  avgm [KB] 0
