$ python ../hec-incr.py ./BusRide40-ea.lp


Looking for the right number of steps: 1 2 FOUND
clingo-lpx version 1.4.0
Reading from ...n/hybrid-clingo/axioms/hec-memb-lpx.lp ...
Solving...
Answer: 1 (Time: 0.057s)
happens(board,35)
happens(boardRed,35)
happens(buy,24)
holdsAt(hasTicket,(24<T=<35))
holdsAt(hasTicket,(35<T=<40))
holdsAt(onRed,(35<T=<40))
maxStep(2)
Assignment:
(time,0)=24 (time,1)=35 (time,2)=40
SATISFIABLE

Models       : 1
Calls        : 1
Time         : 0.057s   (Solving: 0.000s 1st Model: 0.000s Unsat: 0.000s)
CPU Time     : 0.017s



  real      0:00.42
  real [s]  0.42
  user [s]  0.21
  sys  [s]  0.07
  mem  [KB] 28544
  avgm [KB] 0
