$ python ../hec-incr.py ./FallingObjectWithEvents25-ea.lp


Looking for the right number of steps: 1 2 FOUND
clingo-lpx version 1.4.0
Reading from ...n/hybrid-clingo/axioms/hec-memb-lpx.lp ...
Solving...
Answer: 1 (Time: 0.050s)
fholdsAt(height(apple)=3,(0<T=<18))
fholdsAt(height(apple)=0,(21<T=<25))
fholdsAtC(height(apple)=(3->0),(18<T=<21),eq((((1,3),),-1)))
happens(drop(nathan,apple),18)
happens(hitGround(apple),21)
holdsAt(falling(apple),(18<T=<21))
maxStep(2)
releasedAt(height(apple),(18<T=<21))
Assignment:
(height(apple),0)=3 (height(apple),1)=0 (height(apple),2)=0 (time,0)=18 (time,1)=21 (time,2)=25
SATISFIABLE

Models       : 1
Calls        : 1
Time         : 0.050s   (Solving: 0.000s 1st Model: 0.000s Unsat: 0.000s)
CPU Time     : 0.018s



  real      0:00.40
  real [s]  0.40
  user [s]  0.20
  sys  [s]  0.08
  mem  [KB] 28672
  avgm [KB] 0
