$ python ../hec-incr.py ./CoinToss4-ea.lp


Looking for the right number of steps: 1 2 3 FOUND
clingo-lpx version 1.4.0
Reading from ...n/hybrid-clingo/axioms/hec-memb-lpx.lp ...
Solving...
Answer: 1 (Time: 0.050s)
happens(toss,1)
happens(toss,2)
happens(toss,3)
holdsAt(heads,(0<T=<1))
holdsAt(itsHeads,(3<T=<4))
maxStep(3)
releasedAt(itsHeads,(1<T=<2))
releasedAt(itsHeads,(2<T=<3))
releasedAt(itsHeads,(3<T=<4))
releasedAt(itsHeads,(0<T=<1))
Assignment:
(time,0)=1 (time,1)=2 (time,2)=3 (time,3)=4
Answer: 2 (Time: 0.050s)
happens(toss,1)
happens(toss,2)
happens(toss,3)
holdsAt(heads,(3<T=<4))
holdsAt(heads,(0<T=<1))
holdsAt(itsHeads,(2<T=<3))
holdsAt(itsHeads,(3<T=<4))
maxStep(3)
releasedAt(itsHeads,(1<T=<2))
releasedAt(itsHeads,(2<T=<3))
releasedAt(itsHeads,(3<T=<4))
releasedAt(itsHeads,(0<T=<1))
Assignment:
(time,0)=1 (time,1)=2 (time,2)=3 (time,3)=4
Answer: 3 (Time: 0.050s)
happens(toss,1)
happens(toss,2)
happens(toss,3)
holdsAt(heads,(2<T=<3))
holdsAt(heads,(0<T=<1))
holdsAt(itsHeads,(1<T=<2))
holdsAt(itsHeads,(3<T=<4))
maxStep(3)
releasedAt(itsHeads,(1<T=<2))
releasedAt(itsHeads,(2<T=<3))
releasedAt(itsHeads,(3<T=<4))
releasedAt(itsHeads,(0<T=<1))
Assignment:
(time,0)=1 (time,1)=2 (time,2)=3 (time,3)=4
Answer: 4 (Time: 0.050s)
happens(toss,1)
happens(toss,2)
happens(toss,3)
holdsAt(heads,(2<T=<3))
holdsAt(heads,(3<T=<4))
holdsAt(heads,(0<T=<1))
holdsAt(itsHeads,(1<T=<2))
holdsAt(itsHeads,(2<T=<3))
holdsAt(itsHeads,(3<T=<4))
maxStep(3)
releasedAt(itsHeads,(1<T=<2))
releasedAt(itsHeads,(2<T=<3))
releasedAt(itsHeads,(3<T=<4))
releasedAt(itsHeads,(0<T=<1))
Assignment:
(time,0)=1 (time,1)=2 (time,2)=3 (time,3)=4
Answer: 5 (Time: 0.050s)
happens(toss,1)
happens(toss,2)
happens(toss,3)
holdsAt(heads,(1<T=<2))
holdsAt(heads,(0<T=<1))
holdsAt(itsHeads,(3<T=<4))
holdsAt(itsHeads,(0<T=<1))
maxStep(3)
releasedAt(itsHeads,(1<T=<2))
releasedAt(itsHeads,(2<T=<3))
releasedAt(itsHeads,(3<T=<4))
releasedAt(itsHeads,(0<T=<1))
Assignment:
(time,0)=1 (time,1)=2 (time,2)=3 (time,3)=4
Answer: 6 (Time: 0.050s)
happens(toss,1)
happens(toss,2)
happens(toss,3)
holdsAt(heads,(1<T=<2))
holdsAt(heads,(2<T=<3))
holdsAt(heads,(0<T=<1))
holdsAt(itsHeads,(1<T=<2))
holdsAt(itsHeads,(3<T=<4))
holdsAt(itsHeads,(0<T=<1))
maxStep(3)
releasedAt(itsHeads,(1<T=<2))
releasedAt(itsHeads,(2<T=<3))
releasedAt(itsHeads,(3<T=<4))
releasedAt(itsHeads,(0<T=<1))
Assignment:
(time,0)=1 (time,1)=2 (time,2)=3 (time,3)=4
Answer: 7 (Time: 0.050s)
happens(toss,1)
happens(toss,2)
happens(toss,3)
holdsAt(heads,(1<T=<2))
holdsAt(heads,(3<T=<4))
holdsAt(heads,(0<T=<1))
holdsAt(itsHeads,(2<T=<3))
holdsAt(itsHeads,(3<T=<4))
holdsAt(itsHeads,(0<T=<1))
maxStep(3)
releasedAt(itsHeads,(1<T=<2))
releasedAt(itsHeads,(2<T=<3))
releasedAt(itsHeads,(3<T=<4))
releasedAt(itsHeads,(0<T=<1))
Assignment:
(time,0)=1 (time,1)=2 (time,2)=3 (time,3)=4
Answer: 8 (Time: 0.050s)
happens(toss,1)
happens(toss,2)
happens(toss,3)
holdsAt(heads,(1<T=<2))
holdsAt(heads,(2<T=<3))
holdsAt(heads,(3<T=<4))
holdsAt(heads,(0<T=<1))
holdsAt(itsHeads,(1<T=<2))
holdsAt(itsHeads,(2<T=<3))
holdsAt(itsHeads,(3<T=<4))
holdsAt(itsHeads,(0<T=<1))
maxStep(3)
releasedAt(itsHeads,(1<T=<2))
releasedAt(itsHeads,(2<T=<3))
releasedAt(itsHeads,(3<T=<4))
releasedAt(itsHeads,(0<T=<1))
Assignment:
(time,0)=1 (time,1)=2 (time,2)=3 (time,3)=4
SATISFIABLE

Models       : 8
Calls        : 1
Time         : 0.050s   (Solving: 0.001s 1st Model: 0.000s Unsat: 0.000s)
CPU Time     : 0.018s



  real      0:00.59
  real [s]  0.59
  user [s]  0.30
  sys  [s]  0.10
  mem  [KB] 28672
  avgm [KB] 0
