$ python ../hec-incr.py ./WalkingTurkey3-ea.lp


Looking for the right number of steps: 1 FOUND
clingo-lpx version 1.4.0
Reading from ...n/hybrid-clingo/axioms/hec-memb-lpx.lp ...
Solving...
Answer: 1 (Time: 0.049s)
-holdsAt(alive,(1<T=<3))
-holdsAt(walking,(1<T=<3))
-releasedAt(alive,(1<T=<3))
-releasedAt(alive,(0<T=<1))
-releasedAt(loaded,(1<T=<3))
-releasedAt(loaded,(0<T=<1))
-releasedAt(walking,(1<T=<3))
-releasedAt(walking,(0<T=<1))
happens(shoot,1)
holdsAt(alive,(0<T=<1))
holdsAt(loaded,(1<T=<3))
holdsAt(loaded,(0<T=<1))
holdsAt(walking,(0<T=<1))
maxStep(1)
Assignment:
(time,0)=1 (time,1)=3
SATISFIABLE

Models       : 1
Calls        : 1
Time         : 0.049s   (Solving: 0.000s 1st Model: 0.000s Unsat: 0.000s)
CPU Time     : 0.016s



  real      0:00.25
  real [s]  0.25
  user [s]  0.14
  sys  [s]  0.03
  mem  [KB] 28532
  avgm [KB] 0
