$ python ../hec-incr.py ./ChessBoard2-ea.lp


Looking for the right number of steps: 1 FOUND
clingo-lpx version 1.4.0
Reading from ...n/hybrid-clingo/axioms/hec-memb-lpx.lp ...
Solving...
Answer: 1 (Time: 0.047s)
happens(throw,1)
holdsAt(itsBlack,(1<T=<2))
holdsAt(itsWhite,(1<T=<2))
holdsAt(itsWhite,(0<T=<1))
holdsAt(onWhite,(1<T=<2))
maxStep(1)
releasedAt(itsBlack,(1<T=<2))
releasedAt(itsBlack,(0<T=<1))
releasedAt(itsWhite,(1<T=<2))
releasedAt(itsWhite,(0<T=<1))
Assignment:
(time,0)=1 (time,1)=2
Answer: 2 (Time: 0.047s)
happens(throw,1)
holdsAt(itsBlack,(1<T=<2))
holdsAt(itsBlack,(0<T=<1))
holdsAt(itsWhite,(1<T=<2))
holdsAt(onBlack,(1<T=<2))
maxStep(1)
releasedAt(itsBlack,(1<T=<2))
releasedAt(itsBlack,(0<T=<1))
releasedAt(itsWhite,(1<T=<2))
releasedAt(itsWhite,(0<T=<1))
Assignment:
(time,0)=1 (time,1)=2
Answer: 3 (Time: 0.047s)
happens(throw,1)
holdsAt(itsBlack,(1<T=<2))
holdsAt(itsBlack,(0<T=<1))
holdsAt(itsWhite,(1<T=<2))
holdsAt(itsWhite,(0<T=<1))
holdsAt(onBlack,(1<T=<2))
holdsAt(onWhite,(1<T=<2))
maxStep(1)
releasedAt(itsBlack,(1<T=<2))
releasedAt(itsBlack,(0<T=<1))
releasedAt(itsWhite,(1<T=<2))
releasedAt(itsWhite,(0<T=<1))
Assignment:
(time,0)=1 (time,1)=2
SATISFIABLE

Models       : 3
Calls        : 1
Time         : 0.047s   (Solving: 0.000s 1st Model: 0.000s Unsat: 0.000s)
CPU Time     : 0.016s



  real      0:00.25
  real [s]  0.25
  user [s]  0.10
  sys  [s]  0.07
  mem  [KB] 28668
  avgm [KB] 0
