$ python ../hec-incr.py ../axioms/causal.lp ./ThielscherCircuit1-ea.lp


Looking for the right number of steps: 1 FOUND
clingo-lpx version 1.4.0
Reading from ...n/hybrid-clingo/axioms/hec-memb-lpx.lp ...
Solving...
Answer: 1 (Time: 0.055s)
-holdsAt(light,(0<T=<1))
-holdsAt(switch2,(0<T=<1))
-releasedAt(light,(0<T=<1))
-releasedAt(relay,(0<T=<1))
-releasedAt(switch1,(0<T=<1))
-releasedAt(switch2,(0<T=<1))
-releasedAt(switch3,(0<T=<1))
happens(close1,0)
happens(closeRelay,0)
happens(open2,0)
holdsAt(relay,(0<T=<1))
holdsAt(switch1,(0<T=<1))
holdsAt(switch3,(0<T=<1))
maxStep(1)
Assignment:
(time,0)=0 (time,1)=1
SATISFIABLE

Models       : 1
Calls        : 1
Time         : 0.055s   (Solving: 0.000s 1st Model: 0.000s Unsat: 0.000s)
CPU Time     : 0.017s



  real      0:00.25
  real [s]  0.25
  user [s]  0.11
  sys  [s]  0.05
  mem  [KB] 28504
  avgm [KB] 0
