$ python ../hec-incr.py ./DeadOrAlive3-ea.lp


Looking for the right number of steps: 1 2 3 FOUND
clingo-lpx version 1.4.0
Reading from ...n/hybrid-clingo/axioms/hec-memb-lpx.lp ...
Solving...
Answer: 1 (Time: 0.056s)
-holdsAt(alive,(2<T=<3))
-holdsAt(dead,(0<T=<1))
-holdsAt(dead,(1<T=<2))
-holdsAt(loaded,(2<T=<3))
-releasedAt(alive,(0<T=<1))
-releasedAt(alive,(1<T=<2))
-releasedAt(alive,(2<T=<3))
-releasedAt(loaded,(0<T=<1))
-releasedAt(loaded,(1<T=<2))
-releasedAt(loaded,(2<T=<3))
happens(load,0)
happens(shoot,2)
happens(sneeze,1)
holdsAt(alive,(0<T=<1))
holdsAt(alive,(1<T=<2))
holdsAt(dead,(2<T=<3))
holdsAt(loaded,(0<T=<1))
holdsAt(loaded,(1<T=<2))
maxStep(3)
releasedAt(dead,(0<T=<1))
releasedAt(dead,(1<T=<2))
releasedAt(dead,(2<T=<3))
Assignment:
(time,0)=0 (time,1)=1 (time,2)=2 (time,3)=3
SATISFIABLE

Models       : 1
Calls        : 1
Time         : 0.056s   (Solving: 0.000s 1st Model: 0.000s Unsat: 0.000s)
CPU Time     : 0.017s



  real      0:00.56
  real [s]  0.56
  user [s]  0.29
  sys  [s]  0.09
  mem  [KB] 28672
  avgm [KB] 0
