$ python ../hec-incr.py ./FallingObjectWithEvents20-ea.lp


Looking for the right number of steps: 1 2 FOUND
clingo-lpx version 1.4.0
Reading from ...n/hybrid-clingo/axioms/hec-memb-lpx.lp ...
Solving...
Answer: 1 (Time: 0.052s)
fholdsAt(height(apple)=3,(0<T=<12))
fholdsAt(height(apple)=0,(15<T=<20))
fholdsAtC(height(apple)=(3->0),(12<T=<15),eq((((1,3),),-1)))
happens(drop(nathan,apple),12)
happens(hitGround(apple),15)
holdsAt(falling(apple),(12<T=<15))
maxStep(2)
releasedAt(height(apple),(12<T=<15))
Assignment:
(height(apple),0)=3 (height(apple),1)=0 (height(apple),2)=0 (time,0)=12 (time,1)=15 (time,2)=20
SATISFIABLE

Models       : 1
Calls        : 1
Time         : 0.052s   (Solving: 0.000s 1st Model: 0.000s Unsat: 0.000s)
CPU Time     : 0.018s



  real      0:00.41
  real [s]  0.41
  user [s]  0.21
  sys  [s]  0.07
  mem  [KB] 28660
  avgm [KB] 0
