$ python ../hec-incr.py ../axioms/causal.lp ./ThielscherCircuit40-ea.lp


Looking for the right number of steps: 1 FOUND
clingo-lpx version 1.4.0
Reading from ...n/hybrid-clingo/axioms/hec-memb-lpx.lp ...
Solving...
Answer: 1 (Time: 0.061s)
-holdsAt(light,(25<T=<40))
-holdsAt(light,(0<T=<25))
-holdsAt(relay,(0<T=<25))
-holdsAt(switch1,(0<T=<25))
-holdsAt(switch2,(25<T=<40))
-releasedAt(light,(25<T=<40))
-releasedAt(light,(0<T=<25))
-releasedAt(relay,(25<T=<40))
-releasedAt(relay,(0<T=<25))
-releasedAt(switch1,(25<T=<40))
-releasedAt(switch1,(0<T=<25))
-releasedAt(switch2,(25<T=<40))
-releasedAt(switch2,(0<T=<25))
-releasedAt(switch3,(25<T=<40))
-releasedAt(switch3,(0<T=<25))
happens(close1,25)
happens(closeRelay,25)
happens(open2,25)
holdsAt(relay,(25<T=<40))
holdsAt(switch1,(25<T=<40))
holdsAt(switch2,(0<T=<25))
holdsAt(switch3,(25<T=<40))
holdsAt(switch3,(0<T=<25))
maxStep(1)
Assignment:
(time,0)=25 (time,1)=40
SATISFIABLE

Models       : 1
Calls        : 1
Time         : 0.061s   (Solving: 0.000s 1st Model: 0.000s Unsat: 0.000s)
CPU Time     : 0.018s



  real      0:00.27
  real [s]  0.27
  user [s]  0.11
  sys  [s]  0.06
  mem  [KB] 28488
  avgm [KB] 0
