$ python ../hec-incr.py ./Happy40-ea.lp


Looking for the right number of steps: 1 FOUND
clingo-lpx version 1.4.0
Reading from ...n/hybrid-clingo/axioms/hec-memb-lpx.lp ...
Solving...
Answer: 1 (Time: 0.053s)
happens(feed(fred),25)
holdsAt(happy(fred),(25<T=<40))
holdsAt(hungry(fred),(0<T=<25))
maxStep(1)
releasedAt(happy(fred),(25<T=<40))
releasedAt(happy(fred),(0<T=<25))
Assignment:
(time,0)=25 (time,1)=40
SATISFIABLE

Models       : 1
Calls        : 1
Time         : 0.053s   (Solving: 0.000s 1st Model: 0.000s Unsat: 0.000s)
CPU Time     : 0.017s



  real      0:00.25
  real [s]  0.25
  user [s]  0.11
  sys  [s]  0.06
  mem  [KB] 28288
  avgm [KB] 0
