$ python ../hec-incr.py ./Happy2-ea.lp


Looking for the right number of steps: 1 FOUND
clingo-lpx version 1.4.0
Reading from ...n/hybrid-clingo/axioms/hec-memb-lpx.lp ...
Solving...
Answer: 1 (Time: 0.056s)
happens(feed(fred),1)
holdsAt(happy(fred),(1<T=<2))
holdsAt(hungry(fred),(0<T=<1))
maxStep(1)
releasedAt(happy(fred),(1<T=<2))
releasedAt(happy(fred),(0<T=<1))
Assignment:
(time,0)=1 (time,1)=2
SATISFIABLE

Models       : 1
Calls        : 1
Time         : 0.056s   (Solving: 0.000s 1st Model: 0.000s Unsat: 0.000s)
CPU Time     : 0.017s



  real      0:00.25
  real [s]  0.25
  user [s]  0.12
  sys  [s]  0.05
  mem  [KB] 28544
  avgm [KB] 0
