$ python ../hec-incr.py ./StolenCar40-ea.lp


Looking for the right number of steps: 1 2 FOUND
clingo-lpx version 1.4.0
Reading from ...n/hybrid-clingo/axioms/hec-memb-lpx.lp ...
Solving...
Answer: 1 (Time: 0.054s)
-holdsAt(carParked,(20+e<T=<40))
-holdsAt(carParked,(0<T=<20))
-releasedAt(carParked,(20<T=<20+e))
-releasedAt(carParked,(20+e<T=<40))
-releasedAt(carParked,(0<T=<20))
happens(park,20)
happens(steal,20+e)
holdsAt(carParked,(20<T=<20+e))
maxStep(2)
Assignment:
(time,0)=20 (time,1)=20+e (time,2)=40
SATISFIABLE

Models       : 1
Calls        : 1
Time         : 0.054s   (Solving: 0.000s 1st Model: 0.000s Unsat: 0.000s)
CPU Time     : 0.018s



  real      0:00.43
  real [s]  0.43
  user [s]  0.20
  sys  [s]  0.09
  mem  [KB] 28476
  avgm [KB] 0
