$ python ../hec-incr.py ./FallingObjectWithEvents40-ea.lp


Looking for the right number of steps: 1 2 FOUND
clingo-lpx version 1.4.0
Reading from ...n/hybrid-clingo/axioms/hec-memb-lpx.lp ...
Solving...
Answer: 1 (Time: 0.050s)
fholdsAt(height(apple)=0,(35<T=<40))
fholdsAtC(height(apple)=(35->0),(0<T=<35),eq((((1,35),),-1)))
happens(drop(nathan,apple),0)
happens(hitGround(apple),35)
holdsAt(falling(apple),(0<T=<35))
maxStep(2)
releasedAt(height(apple),(0<T=<35))
Assignment:
(height(apple),0)=35 (height(apple),1)=0 (height(apple),2)=0 (time,0)=0 (time,1)=35 (time,2)=40
SATISFIABLE

Models       : 1
Calls        : 1
Time         : 0.050s   (Solving: 0.000s 1st Model: 0.000s Unsat: 0.000s)
CPU Time     : 0.017s



  real      0:00.45
  real [s]  0.45
  user [s]  0.23
  sys  [s]  0.08
  mem  [KB] 28616
  avgm [KB] 0
