$ python ../hec-incr.py ./KitchenSink_M40-ea.lp


Looking for the right number of steps: 1 2 FOUND
clingo-lpx version 1.4.0
Reading from ...n/hybrid-clingo/axioms/hec-memb-lpx.lp ...
Solving...
Answer: 1 (Time: 0.052s)
fholdsAt(height=30,(30<T=<40))
fholdsAtC(height=(0->30),(0<T=<30),eq((((1,0),),1)))
happens(overflow,30)
happens(tapOn,0)
holdsAt(filling,(0<T=<30))
holdsAt(spilling,(30<T=<40))
maxStep(2)
releasedAt(height,(0<T=<30))
Assignment:
(height,0)=0 (height,1)=30 (height,2)=30 (time,0)=0 (time,1)=30 (time,2)=40
SATISFIABLE

Models       : 1
Calls        : 1
Time         : 0.052s   (Solving: 0.000s 1st Model: 0.000s Unsat: 0.000s)
CPU Time     : 0.018s



  real      0:00.41
  real [s]  0.41
  user [s]  0.24
  sys  [s]  0.04
  mem  [KB] 28520
  avgm [KB] 0
