$ python ../hec-incr.py ./BusRide2-ea.lp


Looking for the right number of steps: 1 2 FOUND
clingo-lpx version 1.4.0
Reading from ...n/hybrid-clingo/axioms/hec-memb-lpx.lp ...
Solving...
Answer: 1 (Time: 0.050s)
happens(board,1)
happens(boardRed,1)
happens(buy,0)
holdsAt(hasTicket,(0<T=<1))
holdsAt(hasTicket,(1<T=<2))
holdsAt(onRed,(1<T=<2))
maxStep(2)
Assignment:
(time,0)=0 (time,1)=1 (time,2)=2
SATISFIABLE

Models       : 1
Calls        : 1
Time         : 0.050s   (Solving: 0.000s 1st Model: 0.000s Unsat: 0.000s)
CPU Time     : 0.017s



  real      0:00.58
  real [s]  0.58
  user [s]  0.21
  sys  [s]  0.12
  mem  [KB] 28480
  avgm [KB] 0
