$ python ../hec-incr.py ./RussianTurkey40-ea.lp


Looking for the right number of steps: 1 2 3 FOUND
clingo-lpx version 1.4.0
Reading from ...n/hybrid-clingo/axioms/hec-memb-lpx.lp ...
Solving...
Answer: 1 (Time: 0.049s)
-holdsAt(loaded,(20<T=<30))
-holdsAt(loaded,(30<T=<40))
-holdsAt(loaded,(0<T=<10))
-releasedAt(alive,(10<T=<20))
-releasedAt(alive,(20<T=<30))
-releasedAt(alive,(30<T=<40))
-releasedAt(alive,(0<T=<10))
-releasedAt(loaded,(10<T=<20))
-releasedAt(loaded,(30<T=<40))
-releasedAt(loaded,(0<T=<10))
happens(load,10)
happens(shoot,30)
happens(spin,20)
holdsAt(alive,(10<T=<20))
holdsAt(alive,(20<T=<30))
holdsAt(alive,(30<T=<40))
holdsAt(alive,(0<T=<10))
holdsAt(loaded,(10<T=<20))
maxStep(3)
releasedAt(loaded,(20<T=<30))
Assignment:
(time,0)=10 (time,1)=20 (time,2)=30 (time,3)=40
Answer: 2 (Time: 0.049s)
-holdsAt(alive,(30<T=<40))
-holdsAt(loaded,(30<T=<40))
-holdsAt(loaded,(0<T=<10))
-releasedAt(alive,(10<T=<20))
-releasedAt(alive,(20<T=<30))
-releasedAt(alive,(30<T=<40))
-releasedAt(alive,(0<T=<10))
-releasedAt(loaded,(10<T=<20))
-releasedAt(loaded,(30<T=<40))
-releasedAt(loaded,(0<T=<10))
happens(load,10)
happens(shoot,30)
happens(spin,20)
holdsAt(alive,(10<T=<20))
holdsAt(alive,(20<T=<30))
holdsAt(alive,(0<T=<10))
holdsAt(loaded,(10<T=<20))
holdsAt(loaded,(20<T=<30))
maxStep(3)
releasedAt(loaded,(20<T=<30))
Assignment:
(time,0)=10 (time,1)=20 (time,2)=30 (time,3)=40
SATISFIABLE

Models       : 2
Calls        : 1
Time         : 0.049s   (Solving: 0.000s 1st Model: 0.000s Unsat: 0.000s)
CPU Time     : 0.018s



  real      0:00.56
  real [s]  0.56
  user [s]  0.28
  sys  [s]  0.10
  mem  [KB] 28544
  avgm [KB] 0
